<?xml version="1.0" encoding="utf-8"?>
<TestRun id="27f15cb6-2487-44a8-ab95-5ca412407277" name="@DITHARAs-MacBook-Air 2025-10-24 14:41:09" xmlns="http://microsoft.com/schemas/VisualStudio/TeamTest/2010">
  <Times creation="2025-10-24T14:41:10.0975290+05:30" queuing="2025-10-24T14:41:10.0975290+05:30" start="2025-10-24T14:41:08.0678690+05:30" finish="2025-10-24T14:41:19.0512210+05:30" />
  <TestSettings name="default" id="fb981b58-9373-4c9b-a846-63337e400857">
    <Deployment runDeploymentRoot="_DITHARAs-MacBook-Air_2025-10-24_14_41_09" />
  </TestSettings>
  <Results>
    <UnitTestResult executionId="8b9a335d-b8f4-4e46-8ed6-e7b853a771fb" testId="2497ccd3-14d6-265f-7cf9-8e4611bcba7d" testName="AuthControllerTests.Login_ShouldFail_ForInvalidPassword" computerName="DITHARAs-MacBook-Air" duration="00:00:00.7175740" startTime="2025-10-24T14:41:11.5617440+05:30" endTime="2025-10-24T14:41:12.2796960+05:30" testType="13cdc9d9-ddb5-4fa4-a97d-d965ccfc6d4b" outcome="Passed" testListId="8c84fa94-04c1-424b-9868-57a2d4851a1d" relativeResultsDirectory="8b9a335d-b8f4-4e46-8ed6-e7b853a771fb" />
    <UnitTestResult executionId="2f00be95-01da-481f-8b11-03c8b024a78c" testId="293c5a91-2d6d-d306-2d46-5899ee6335b6" testName="WardrobeControllerTests.AddItem_ShouldReturnBadRequest_ForInvalidData" computerName="DITHARAs-MacBook-Air" duration="00:00:02.9338712" startTime="2025-10-24T14:41:08.4244610+05:30" endTime="2025-10-24T14:41:11.3601590+05:30" testType="13cdc9d9-ddb5-4fa4-a97d-d965ccfc6d4b" outcome="Passed" testListId="8c84fa94-04c1-424b-9868-57a2d4851a1d" relativeResultsDirectory="2f00be95-01da-481f-8b11-03c8b024a78c" />
    <UnitTestResult executionId="86d67aa9-da91-4017-af51-4bf0e80f7927" testId="0bc9c349-c0b1-3f7c-1109-aae7e4f1d907" testName="MeasurementsControllerTests.AddMeasurement_ShouldReturnOk_ForNegativeValues" computerName="DITHARAs-MacBook-Air" duration="00:00:00.8469896" startTime="2025-10-24T14:41:12.6276430+05:30" endTime="2025-10-24T14:41:13.4748140+05:30" testType="13cdc9d9-ddb5-4fa4-a97d-d965ccfc6d4b" outcome="Passed" testListId="8c84fa94-04c1-424b-9868-57a2d4851a1d" relativeResultsDirectory="86d67aa9-da91-4017-af51-4bf0e80f7927" />
    <UnitTestResult executionId="16d93f24-f019-4ddc-bc7a-a61d9e29df3a" testId="26334d8a-88ff-657f-73ee-947d6c325dcf" testName="MeasurementsControllerTests.AddMeasurement_ShouldReturnOk" computerName="DITHARAs-MacBook-Air" duration="00:00:04.2022308" startTime="2025-10-24T14:41:08.4244390+05:30" endTime="2025-10-24T14:41:12.6274700+05:30" testType="13cdc9d9-ddb5-4fa4-a97d-d965ccfc6d4b" outcome="Passed" testListId="8c84fa94-04c1-424b-9868-57a2d4851a1d" relativeResultsDirectory="16d93f24-f019-4ddc-bc7a-a61d9e29df3a" />
    <UnitTestResult executionId="92a79b82-8df8-40e4-ae16-0ce1cec94050" testId="f21246c5-0078-9bd5-0d49-37248586c267" testName="DashboardControllerTests.Dashboard_ShouldReturnOk" computerName="DITHARAs-MacBook-Air" duration="00:00:03.9671715" startTime="2025-10-24T14:41:08.4244500+05:30" endTime="2025-10-24T14:41:12.3922410+05:30" testType="13cdc9d9-ddb5-4fa4-a97d-d965ccfc6d4b" outcome="Passed" testListId="8c84fa94-04c1-424b-9868-57a2d4851a1d" relativeResultsDirectory="92a79b82-8df8-40e4-ae16-0ce1cec94050" />
    <UnitTestResult executionId="948f2928-6cae-4a27-8226-7ecdf5c9bb25" testId="23233162-b27c-e7bd-8d07-1e1a2d4d751d" testName="FITON.Tests.AuthSystemTest.TestInvalidLogin" computerName="DITHARAs-MacBook-Air" duration="00:00:10.5711496" startTime="2025-10-24T14:41:08.4244150+05:30" endTime="2025-10-24T14:41:18.9966340+05:30" testType="13cdc9d9-ddb5-4fa4-a97d-d965ccfc6d4b" outcome="Passed" testListId="8c84fa94-04c1-424b-9868-57a2d4851a1d" relativeResultsDirectory="948f2928-6cae-4a27-8226-7ecdf5c9bb25" />
    <UnitTestResult executionId="23916c40-c221-483f-8344-0c74509dd030" testId="0502d447-23b8-9ef1-8024-38f8a45b9476" testName="ClothesControllerTests.AddClothing_ShouldReturnCreated" computerName="DITHARAs-MacBook-Air" duration="00:00:00.7148480" startTime="2025-10-24T14:41:12.7769020+05:30" endTime="2025-10-24T14:41:13.4907030+05:30" testType="13cdc9d9-ddb5-4fa4-a97d-d965ccfc6d4b" outcome="Passed" testListId="8c84fa94-04c1-424b-9868-57a2d4851a1d" relativeResultsDirectory="23916c40-c221-483f-8344-0c74509dd030" />
    <UnitTestResult executionId="c78c0fe1-ceb7-4297-a626-dbe25a0058db" testId="34dd21c0-5a1b-fa62-4496-e22898efaa46" testName="ClothesControllerTests.GetClothes_ShouldReturnOk" computerName="DITHARAs-MacBook-Air" duration="00:00:03.6544622" startTime="2025-10-24T14:41:08.4244700+05:30" endTime="2025-10-24T14:41:12.0959120+05:30" testType="13cdc9d9-ddb5-4fa4-a97d-d965ccfc6d4b" outcome="Passed" testListId="8c84fa94-04c1-424b-9868-57a2d4851a1d" relativeResultsDirectory="c78c0fe1-ceb7-4297-a626-dbe25a0058db" />
    <UnitTestResult executionId="d47ed05e-63d7-47c6-a794-5faff5c785d7" testId="e7706d44-bb09-9c29-7b09-b3fdef07d686" testName="FITON.Tests.UnitTest1.Test1" computerName="DITHARAs-MacBook-Air" duration="00:00:00.0012627" startTime="2025-10-24T14:41:08.5271050+05:30" endTime="2025-10-24T14:41:08.5304910+05:30" testType="13cdc9d9-ddb5-4fa4-a97d-d965ccfc6d4b" outcome="Passed" testListId="8c84fa94-04c1-424b-9868-57a2d4851a1d" relativeResultsDirectory="d47ed05e-63d7-47c6-a794-5faff5c785d7" />
    <UnitTestResult executionId="14e03514-d3c4-4ba9-b709-803d10036e7d" testId="b3b7a729-48a4-5d92-926c-d387417cb609" testName="ClothesControllerTests.AddClothing_ShouldFail_ForMissingName" computerName="DITHARAs-MacBook-Air" duration="00:00:00.6863332" startTime="2025-10-24T14:41:12.1014380+05:30" endTime="2025-10-24T14:41:12.7756030+05:30" testType="13cdc9d9-ddb5-4fa4-a97d-d965ccfc6d4b" outcome="Passed" testListId="8c84fa94-04c1-424b-9868-57a2d4851a1d" relativeResultsDirectory="14e03514-d3c4-4ba9-b709-803d10036e7d" />
    <UnitTestResult executionId="32be1c54-be8b-48e1-9c1a-41c3461e4c2d" testId="68b9bb09-0d68-3ff4-67d4-f074dcf92013" testName="FITON.Tests.AuthControllerJwtTests.Login_ValidCredentials_Should_SetRefreshTokenCookie" computerName="DITHARAs-MacBook-Air" duration="00:00:00.4954972" startTime="2025-10-24T14:41:09.4194960+05:30" endTime="2025-10-24T14:41:09.9150510+05:30" testType="13cdc9d9-ddb5-4fa4-a97d-d965ccfc6d4b" outcome="Passed" testListId="8c84fa94-04c1-424b-9868-57a2d4851a1d" relativeResultsDirectory="32be1c54-be8b-48e1-9c1a-41c3461e4c2d" />
    <UnitTestResult executionId="a7d2a1ef-7cf6-4f7a-9113-448bf215dfa9" testId="73ebc796-4a88-3161-b715-2714ea998766" testName="FITON.Tests.AuthControllerJwtTests.Login_InvalidPassword_Should_ReturnUnauthorized" computerName="DITHARAs-MacBook-Air" duration="00:00:00.5172625" startTime="2025-10-24T14:41:09.9443970+05:30" endTime="2025-10-24T14:41:10.4319660+05:30" testType="13cdc9d9-ddb5-4fa4-a97d-d965ccfc6d4b" outcome="Passed" testListId="8c84fa94-04c1-424b-9868-57a2d4851a1d" relativeResultsDirectory="a7d2a1ef-7cf6-4f7a-9113-448bf215dfa9" />
    <UnitTestResult executionId="1821eeb3-6175-439f-baa8-42230ae97454" testId="98922f3f-0062-77ee-3a6a-4dec43f54949" testName="FITON.Tests.AuthControllerJwtTests.Register_Should_CreateUser_And_SetRefreshTokenCookie" computerName="DITHARAs-MacBook-Air" duration="00:00:00.1954338" startTime="2025-10-24T14:41:10.4321960+05:30" endTime="2025-10-24T14:41:10.6275800+05:30" testType="13cdc9d9-ddb5-4fa4-a97d-d965ccfc6d4b" outcome="Passed" testListId="8c84fa94-04c1-424b-9868-57a2d4851a1d" relativeResultsDirectory="1821eeb3-6175-439f-baa8-42230ae97454" />
    <UnitTestResult executionId="af9fa926-356d-4131-8bde-4211297de5c3" testId="cde1c804-08ab-adc2-b9c8-6630acbb703f" testName="AuthControllerTests.Login_ShouldReturnJwt_ForValidUser" computerName="DITHARAs-MacBook-Air" duration="00:00:00.6459511" startTime="2025-10-24T14:41:12.2800660+05:30" endTime="2025-10-24T14:41:12.9259330+05:30" testType="13cdc9d9-ddb5-4fa4-a97d-d965ccfc6d4b" outcome="Passed" testListId="8c84fa94-04c1-424b-9868-57a2d4851a1d" relativeResultsDirectory="af9fa926-356d-4131-8bde-4211297de5c3" />
    <UnitTestResult executionId="2935abca-e5eb-4e7b-bcc0-fcb1226e3769" testId="fe99ddbd-c9b8-b943-61e7-ce6ef38da165" testName="AuthControllerTests.Register_ShouldFail_ForDuplicateEmail" computerName="DITHARAs-MacBook-Air" duration="00:00:00.1162760" startTime="2025-10-24T14:41:12.9421470+05:30" endTime="2025-10-24T14:41:13.0424340+05:30" testType="13cdc9d9-ddb5-4fa4-a97d-d965ccfc6d4b" outcome="Passed" testListId="8c84fa94-04c1-424b-9868-57a2d4851a1d" relativeResultsDirectory="2935abca-e5eb-4e7b-bcc0-fcb1226e3769" />
    <UnitTestResult executionId="f3cd38fe-6e52-4770-85c1-6c04a32ab22f" testId="201ff25a-2def-8afe-5596-5355d06e8cbb" testName="FITON.Tests.AuthControllerJwtTests.Login_ValidCredentials_Should_ReturnOk_And_SetJwtCookie" computerName="DITHARAs-MacBook-Air" duration="00:00:00.8905477" startTime="2025-10-24T14:41:08.5268600+05:30" endTime="2025-10-24T14:41:09.4189760+05:30" testType="13cdc9d9-ddb5-4fa4-a97d-d965ccfc6d4b" outcome="Passed" testListId="8c84fa94-04c1-424b-9868-57a2d4851a1d" relativeResultsDirectory="f3cd38fe-6e52-4770-85c1-6c04a32ab22f" />
    <UnitTestResult executionId="161a7c7b-cdd1-4590-8644-edc150dd9f2b" testId="853932b6-eb5a-8d40-4b1e-11f87e7f1cfa" testName="WardrobeControllerTests.GetWardrobes_ShouldReturnOk" computerName="DITHARAs-MacBook-Air" duration="00:00:00.9025388" startTime="2025-10-24T14:41:11.3607270+05:30" endTime="2025-10-24T14:41:12.2635180+05:30" testType="13cdc9d9-ddb5-4fa4-a97d-d965ccfc6d4b" outcome="Passed" testListId="8c84fa94-04c1-424b-9868-57a2d4851a1d" relativeResultsDirectory="161a7c7b-cdd1-4590-8644-edc150dd9f2b" />
    <UnitTestResult executionId="43295cb5-6912-40ee-9548-9d282e1fa52a" testId="01a4b037-0d3c-d25d-3ea6-afd19ef4f207" testName="AuthControllerTests.Register_ShouldReturnOk_ForValidUser" computerName="DITHARAs-MacBook-Air" duration="00:00:03.1364892" startTime="2025-10-24T14:41:08.4237180+05:30" endTime="2025-10-24T14:41:11.5615870+05:30" testType="13cdc9d9-ddb5-4fa4-a97d-d965ccfc6d4b" outcome="Passed" testListId="8c84fa94-04c1-424b-9868-57a2d4851a1d" relativeResultsDirectory="43295cb5-6912-40ee-9548-9d282e1fa52a" />
  </Results>
  <TestDefinitions>
    <UnitTest name="FITON.Tests.AuthSystemTest.TestInvalidLogin" storage="/users/ditharaavindi/desktop/year 3 sem 1/csp/assignment/sprint4-devop &amp; qa/fiton/fiton.tests/bin/debug/net9.0/fiton.tests.dll" id="23233162-b27c-e7bd-8d07-1e1a2d4d751d">
      <Execution id="948f2928-6cae-4a27-8226-7ecdf5c9bb25" />
      <TestMethod codeBase="/Users/ditharaavindi/Desktop/year 3 sem 1/CSP/assignment/sprint4-devop &amp; QA/FITON/FITON.Tests/bin/Debug/net9.0/FITON.Tests.dll" adapterTypeName="executor://xunit/VsTestRunner3/netcore/" className="FITON.Tests.AuthSystemTest" name="TestInvalidLogin" />
    </UnitTest>
    <UnitTest name="MeasurementsControllerTests.AddMeasurement_ShouldReturnOk" storage="/users/ditharaavindi/desktop/year 3 sem 1/csp/assignment/sprint4-devop &amp; qa/fiton/fiton.tests/bin/debug/net9.0/fiton.tests.dll" id="26334d8a-88ff-657f-73ee-947d6c325dcf">
      <Execution id="16d93f24-f019-4ddc-bc7a-a61d9e29df3a" />
      <TestMethod codeBase="/Users/ditharaavindi/Desktop/year 3 sem 1/CSP/assignment/sprint4-devop &amp; QA/FITON/FITON.Tests/bin/Debug/net9.0/FITON.Tests.dll" adapterTypeName="executor://xunit/VsTestRunner3/netcore/" className="MeasurementsControllerTests" name="AddMeasurement_ShouldReturnOk" />
    </UnitTest>
    <UnitTest name="ClothesControllerTests.GetClothes_ShouldReturnOk" storage="/users/ditharaavindi/desktop/year 3 sem 1/csp/assignment/sprint4-devop &amp; qa/fiton/fiton.tests/bin/debug/net9.0/fiton.tests.dll" id="34dd21c0-5a1b-fa62-4496-e22898efaa46">
      <Execution id="c78c0fe1-ceb7-4297-a626-dbe25a0058db" />
      <TestMethod codeBase="/Users/ditharaavindi/Desktop/year 3 sem 1/CSP/assignment/sprint4-devop &amp; QA/FITON/FITON.Tests/bin/Debug/net9.0/FITON.Tests.dll" adapterTypeName="executor://xunit/VsTestRunner3/netcore/" className="ClothesControllerTests" name="GetClothes_ShouldReturnOk" />
    </UnitTest>
    <UnitTest name="ClothesControllerTests.AddClothing_ShouldFail_ForMissingName" storage="/users/ditharaavindi/desktop/year 3 sem 1/csp/assignment/sprint4-devop &amp; qa/fiton/fiton.tests/bin/debug/net9.0/fiton.tests.dll" id="b3b7a729-48a4-5d92-926c-d387417cb609">
      <Execution id="14e03514-d3c4-4ba9-b709-803d10036e7d" />
      <TestMethod codeBase="/Users/ditharaavindi/Desktop/year 3 sem 1/CSP/assignment/sprint4-devop &amp; QA/FITON/FITON.Tests/bin/Debug/net9.0/FITON.Tests.dll" adapterTypeName="executor://xunit/VsTestRunner3/netcore/" className="ClothesControllerTests" name="AddClothing_ShouldFail_ForMissingName" />
    </UnitTest>
    <UnitTest name="AuthControllerTests.Login_ShouldReturnJwt_ForValidUser" storage="/users/ditharaavindi/desktop/year 3 sem 1/csp/assignment/sprint4-devop &amp; qa/fiton/fiton.tests/bin/debug/net9.0/fiton.tests.dll" id="cde1c804-08ab-adc2-b9c8-6630acbb703f">
      <Execution id="af9fa926-356d-4131-8bde-4211297de5c3" />
      <TestMethod codeBase="/Users/ditharaavindi/Desktop/year 3 sem 1/CSP/assignment/sprint4-devop &amp; QA/FITON/FITON.Tests/bin/Debug/net9.0/FITON.Tests.dll" adapterTypeName="executor://xunit/VsTestRunner3/netcore/" className="AuthControllerTests" name="Login_ShouldReturnJwt_ForValidUser" />
    </UnitTest>
    <UnitTest name="AuthControllerTests.Register_ShouldFail_ForDuplicateEmail" storage="/users/ditharaavindi/desktop/year 3 sem 1/csp/assignment/sprint4-devop &amp; qa/fiton/fiton.tests/bin/debug/net9.0/fiton.tests.dll" id="fe99ddbd-c9b8-b943-61e7-ce6ef38da165">
      <Execution id="2935abca-e5eb-4e7b-bcc0-fcb1226e3769" />
      <TestMethod codeBase="/Users/ditharaavindi/Desktop/year 3 sem 1/CSP/assignment/sprint4-devop &amp; QA/FITON/FITON.Tests/bin/Debug/net9.0/FITON.Tests.dll" adapterTypeName="executor://xunit/VsTestRunner3/netcore/" className="AuthControllerTests" name="Register_ShouldFail_ForDuplicateEmail" />
    </UnitTest>
    <UnitTest name="MeasurementsControllerTests.AddMeasurement_ShouldReturnOk_ForNegativeValues" storage="/users/ditharaavindi/desktop/year 3 sem 1/csp/assignment/sprint4-devop &amp; qa/fiton/fiton.tests/bin/debug/net9.0/fiton.tests.dll" id="0bc9c349-c0b1-3f7c-1109-aae7e4f1d907">
      <Execution id="86d67aa9-da91-4017-af51-4bf0e80f7927" />
      <TestMethod codeBase="/Users/ditharaavindi/Desktop/year 3 sem 1/CSP/assignment/sprint4-devop &amp; QA/FITON/FITON.Tests/bin/Debug/net9.0/FITON.Tests.dll" adapterTypeName="executor://xunit/VsTestRunner3/netcore/" className="MeasurementsControllerTests" name="AddMeasurement_ShouldReturnOk_ForNegativeValues" />
    </UnitTest>
    <UnitTest name="AuthControllerTests.Register_ShouldReturnOk_ForValidUser" storage="/users/ditharaavindi/desktop/year 3 sem 1/csp/assignment/sprint4-devop &amp; qa/fiton/fiton.tests/bin/debug/net9.0/fiton.tests.dll" id="01a4b037-0d3c-d25d-3ea6-afd19ef4f207">
      <Execution id="43295cb5-6912-40ee-9548-9d282e1fa52a" />
      <TestMethod codeBase="/Users/ditharaavindi/Desktop/year 3 sem 1/CSP/assignment/sprint4-devop &amp; QA/FITON/FITON.Tests/bin/Debug/net9.0/FITON.Tests.dll" adapterTypeName="executor://xunit/VsTestRunner3/netcore/" className="AuthControllerTests" name="Register_ShouldReturnOk_ForValidUser" />
    </UnitTest>
    <UnitTest name="FITON.Tests.AuthControllerJwtTests.Login_ValidCredentials_Should_SetRefreshTokenCookie" storage="/users/ditharaavindi/desktop/year 3 sem 1/csp/assignment/sprint4-devop &amp; qa/fiton/fiton.tests/bin/debug/net9.0/fiton.tests.dll" id="68b9bb09-0d68-3ff4-67d4-f074dcf92013">
      <Execution id="32be1c54-be8b-48e1-9c1a-41c3461e4c2d" />
      <TestMethod codeBase="/Users/ditharaavindi/Desktop/year 3 sem 1/CSP/assignment/sprint4-devop &amp; QA/FITON/FITON.Tests/bin/Debug/net9.0/FITON.Tests.dll" adapterTypeName="executor://xunit/VsTestRunner3/netcore/" className="FITON.Tests.AuthControllerJwtTests" name="Login_ValidCredentials_Should_SetRefreshTokenCookie" />
    </UnitTest>
    <UnitTest name="FITON.Tests.AuthControllerJwtTests.Login_ValidCredentials_Should_ReturnOk_And_SetJwtCookie" storage="/users/ditharaavindi/desktop/year 3 sem 1/csp/assignment/sprint4-devop &amp; qa/fiton/fiton.tests/bin/debug/net9.0/fiton.tests.dll" id="201ff25a-2def-8afe-5596-5355d06e8cbb">
      <Execution id="f3cd38fe-6e52-4770-85c1-6c04a32ab22f" />
      <TestMethod codeBase="/Users/ditharaavindi/Desktop/year 3 sem 1/CSP/assignment/sprint4-devop &amp; QA/FITON/FITON.Tests/bin/Debug/net9.0/FITON.Tests.dll" adapterTypeName="executor://xunit/VsTestRunner3/netcore/" className="FITON.Tests.AuthControllerJwtTests" name="Login_ValidCredentials_Should_ReturnOk_And_SetJwtCookie" />
    </UnitTest>
    <UnitTest name="ClothesControllerTests.AddClothing_ShouldReturnCreated" storage="/users/ditharaavindi/desktop/year 3 sem 1/csp/assignment/sprint4-devop &amp; qa/fiton/fiton.tests/bin/debug/net9.0/fiton.tests.dll" id="0502d447-23b8-9ef1-8024-38f8a45b9476">
      <Execution id="23916c40-c221-483f-8344-0c74509dd030" />
      <TestMethod codeBase="/Users/ditharaavindi/Desktop/year 3 sem 1/CSP/assignment/sprint4-devop &amp; QA/FITON/FITON.Tests/bin/Debug/net9.0/FITON.Tests.dll" adapterTypeName="executor://xunit/VsTestRunner3/netcore/" className="ClothesControllerTests" name="AddClothing_ShouldReturnCreated" />
    </UnitTest>
    <UnitTest name="AuthControllerTests.Login_ShouldFail_ForInvalidPassword" storage="/users/ditharaavindi/desktop/year 3 sem 1/csp/assignment/sprint4-devop &amp; qa/fiton/fiton.tests/bin/debug/net9.0/fiton.tests.dll" id="2497ccd3-14d6-265f-7cf9-8e4611bcba7d">
      <Execution id="8b9a335d-b8f4-4e46-8ed6-e7b853a771fb" />
      <TestMethod codeBase="/Users/ditharaavindi/Desktop/year 3 sem 1/CSP/assignment/sprint4-devop &amp; QA/FITON/FITON.Tests/bin/Debug/net9.0/FITON.Tests.dll" adapterTypeName="executor://xunit/VsTestRunner3/netcore/" className="AuthControllerTests" name="Login_ShouldFail_ForInvalidPassword" />
    </UnitTest>
    <UnitTest name="WardrobeControllerTests.AddItem_ShouldReturnBadRequest_ForInvalidData" storage="/users/ditharaavindi/desktop/year 3 sem 1/csp/assignment/sprint4-devop &amp; qa/fiton/fiton.tests/bin/debug/net9.0/fiton.tests.dll" id="293c5a91-2d6d-d306-2d46-5899ee6335b6">
      <Execution id="2f00be95-01da-481f-8b11-03c8b024a78c" />
      <TestMethod codeBase="/Users/ditharaavindi/Desktop/year 3 sem 1/CSP/assignment/sprint4-devop &amp; QA/FITON/FITON.Tests/bin/Debug/net9.0/FITON.Tests.dll" adapterTypeName="executor://xunit/VsTestRunner3/netcore/" className="WardrobeControllerTests" name="AddItem_ShouldReturnBadRequest_ForInvalidData" />
    </UnitTest>
    <UnitTest name="DashboardControllerTests.Dashboard_ShouldReturnOk" storage="/users/ditharaavindi/desktop/year 3 sem 1/csp/assignment/sprint4-devop &amp; qa/fiton/fiton.tests/bin/debug/net9.0/fiton.tests.dll" id="f21246c5-0078-9bd5-0d49-37248586c267">
      <Execution id="92a79b82-8df8-40e4-ae16-0ce1cec94050" />
      <TestMethod codeBase="/Users/ditharaavindi/Desktop/year 3 sem 1/CSP/assignment/sprint4-devop &amp; QA/FITON/FITON.Tests/bin/Debug/net9.0/FITON.Tests.dll" adapterTypeName="executor://xunit/VsTestRunner3/netcore/" className="DashboardControllerTests" name="Dashboard_ShouldReturnOk" />
    </UnitTest>
    <UnitTest name="WardrobeControllerTests.GetWardrobes_ShouldReturnOk" storage="/users/ditharaavindi/desktop/year 3 sem 1/csp/assignment/sprint4-devop &amp; qa/fiton/fiton.tests/bin/debug/net9.0/fiton.tests.dll" id="853932b6-eb5a-8d40-4b1e-11f87e7f1cfa">
      <Execution id="161a7c7b-cdd1-4590-8644-edc150dd9f2b" />
      <TestMethod codeBase="/Users/ditharaavindi/Desktop/year 3 sem 1/CSP/assignment/sprint4-devop &amp; QA/FITON/FITON.Tests/bin/Debug/net9.0/FITON.Tests.dll" adapterTypeName="executor://xunit/VsTestRunner3/netcore/" className="WardrobeControllerTests" name="GetWardrobes_ShouldReturnOk" />
    </UnitTest>
    <UnitTest name="FITON.Tests.AuthControllerJwtTests.Register_Should_CreateUser_And_SetRefreshTokenCookie" storage="/users/ditharaavindi/desktop/year 3 sem 1/csp/assignment/sprint4-devop &amp; qa/fiton/fiton.tests/bin/debug/net9.0/fiton.tests.dll" id="98922f3f-0062-77ee-3a6a-4dec43f54949">
      <Execution id="1821eeb3-6175-439f-baa8-42230ae97454" />
      <TestMethod codeBase="/Users/ditharaavindi/Desktop/year 3 sem 1/CSP/assignment/sprint4-devop &amp; QA/FITON/FITON.Tests/bin/Debug/net9.0/FITON.Tests.dll" adapterTypeName="executor://xunit/VsTestRunner3/netcore/" className="FITON.Tests.AuthControllerJwtTests" name="Register_Should_CreateUser_And_SetRefreshTokenCookie" />
    </UnitTest>
    <UnitTest name="FITON.Tests.AuthControllerJwtTests.Login_InvalidPassword_Should_ReturnUnauthorized" storage="/users/ditharaavindi/desktop/year 3 sem 1/csp/assignment/sprint4-devop &amp; qa/fiton/fiton.tests/bin/debug/net9.0/fiton.tests.dll" id="73ebc796-4a88-3161-b715-2714ea998766">
      <Execution id="a7d2a1ef-7cf6-4f7a-9113-448bf215dfa9" />
      <TestMethod codeBase="/Users/ditharaavindi/Desktop/year 3 sem 1/CSP/assignment/sprint4-devop &amp; QA/FITON/FITON.Tests/bin/Debug/net9.0/FITON.Tests.dll" adapterTypeName="executor://xunit/VsTestRunner3/netcore/" className="FITON.Tests.AuthControllerJwtTests" name="Login_InvalidPassword_Should_ReturnUnauthorized" />
    </UnitTest>
    <UnitTest name="FITON.Tests.UnitTest1.Test1" storage="/users/ditharaavindi/desktop/year 3 sem 1/csp/assignment/sprint4-devop &amp; qa/fiton/fiton.tests/bin/debug/net9.0/fiton.tests.dll" id="e7706d44-bb09-9c29-7b09-b3fdef07d686">
      <Execution id="d47ed05e-63d7-47c6-a794-5faff5c785d7" />
      <TestMethod codeBase="/Users/ditharaavindi/Desktop/year 3 sem 1/CSP/assignment/sprint4-devop &amp; QA/FITON/FITON.Tests/bin/Debug/net9.0/FITON.Tests.dll" adapterTypeName="executor://xunit/VsTestRunner3/netcore/" className="FITON.Tests.UnitTest1" name="Test1" />
    </UnitTest>
  </TestDefinitions>
  <TestEntries>
    <TestEntry testId="2497ccd3-14d6-265f-7cf9-8e4611bcba7d" executionId="8b9a335d-b8f4-4e46-8ed6-e7b853a771fb" testListId="8c84fa94-04c1-424b-9868-57a2d4851a1d" />
    <TestEntry testId="293c5a91-2d6d-d306-2d46-5899ee6335b6" executionId="2f00be95-01da-481f-8b11-03c8b024a78c" testListId="8c84fa94-04c1-424b-9868-57a2d4851a1d" />
    <TestEntry testId="0bc9c349-c0b1-3f7c-1109-aae7e4f1d907" executionId="86d67aa9-da91-4017-af51-4bf0e80f7927" testListId="8c84fa94-04c1-424b-9868-57a2d4851a1d" />
    <TestEntry testId="26334d8a-88ff-657f-73ee-947d6c325dcf" executionId="16d93f24-f019-4ddc-bc7a-a61d9e29df3a" testListId="8c84fa94-04c1-424b-9868-57a2d4851a1d" />
    <TestEntry testId="f21246c5-0078-9bd5-0d49-37248586c267" executionId="92a79b82-8df8-40e4-ae16-0ce1cec94050" testListId="8c84fa94-04c1-424b-9868-57a2d4851a1d" />
    <TestEntry testId="23233162-b27c-e7bd-8d07-1e1a2d4d751d" executionId="948f2928-6cae-4a27-8226-7ecdf5c9bb25" testListId="8c84fa94-04c1-424b-9868-57a2d4851a1d" />
    <TestEntry testId="0502d447-23b8-9ef1-8024-38f8a45b9476" executionId="23916c40-c221-483f-8344-0c74509dd030" testListId="8c84fa94-04c1-424b-9868-57a2d4851a1d" />
    <TestEntry testId="34dd21c0-5a1b-fa62-4496-e22898efaa46" executionId="c78c0fe1-ceb7-4297-a626-dbe25a0058db" testListId="8c84fa94-04c1-424b-9868-57a2d4851a1d" />
    <TestEntry testId="e7706d44-bb09-9c29-7b09-b3fdef07d686" executionId="d47ed05e-63d7-47c6-a794-5faff5c785d7" testListId="8c84fa94-04c1-424b-9868-57a2d4851a1d" />
    <TestEntry testId="b3b7a729-48a4-5d92-926c-d387417cb609" executionId="14e03514-d3c4-4ba9-b709-803d10036e7d" testListId="8c84fa94-04c1-424b-9868-57a2d4851a1d" />
    <TestEntry testId="68b9bb09-0d68-3ff4-67d4-f074dcf92013" executionId="32be1c54-be8b-48e1-9c1a-41c3461e4c2d" testListId="8c84fa94-04c1-424b-9868-57a2d4851a1d" />
    <TestEntry testId="73ebc796-4a88-3161-b715-2714ea998766" executionId="a7d2a1ef-7cf6-4f7a-9113-448bf215dfa9" testListId="8c84fa94-04c1-424b-9868-57a2d4851a1d" />
    <TestEntry testId="98922f3f-0062-77ee-3a6a-4dec43f54949" executionId="1821eeb3-6175-439f-baa8-42230ae97454" testListId="8c84fa94-04c1-424b-9868-57a2d4851a1d" />
    <TestEntry testId="cde1c804-08ab-adc2-b9c8-6630acbb703f" executionId="af9fa926-356d-4131-8bde-4211297de5c3" testListId="8c84fa94-04c1-424b-9868-57a2d4851a1d" />
    <TestEntry testId="fe99ddbd-c9b8-b943-61e7-ce6ef38da165" executionId="2935abca-e5eb-4e7b-bcc0-fcb1226e3769" testListId="8c84fa94-04c1-424b-9868-57a2d4851a1d" />
    <TestEntry testId="201ff25a-2def-8afe-5596-5355d06e8cbb" executionId="f3cd38fe-6e52-4770-85c1-6c04a32ab22f" testListId="8c84fa94-04c1-424b-9868-57a2d4851a1d" />
    <TestEntry testId="853932b6-eb5a-8d40-4b1e-11f87e7f1cfa" executionId="161a7c7b-cdd1-4590-8644-edc150dd9f2b" testListId="8c84fa94-04c1-424b-9868-57a2d4851a1d" />
    <TestEntry testId="01a4b037-0d3c-d25d-3ea6-afd19ef4f207" executionId="43295cb5-6912-40ee-9548-9d282e1fa52a" testListId="8c84fa94-04c1-424b-9868-57a2d4851a1d" />
  </TestEntries>
  <TestLists>
    <TestList name="Results Not in a List" id="8c84fa94-04c1-424b-9868-57a2d4851a1d" />
    <TestList name="All Loaded Results" id="19431567-8539-422a-85d7-44ee4e166bda" />
  </TestLists>
  <ResultSummary outcome="Completed">
    <Counters total="18" executed="18" passed="18" failed="0" error="0" timeout="0" aborted="0" inconclusive="0" passedButRunAborted="0" notRunnable="0" notExecuted="0" disconnected="0" warning="0" completed="0" inProgress="0" pending="0" />
    <Output>
      <StdOut>[xUnit.net 00:00:00.00] xUnit.net VSTest Adapter v3.1.5+1b188a7b0a (64-bit .NET 9.0.8)
[xUnit.net 00:00:00.05]   Discovering: FITON.Tests
[xUnit.net 00:00:00.06]   Discovered:  FITON.Tests
[xUnit.net 00:00:00.07]   Starting:    FITON.Tests
warn: Microsoft.AspNetCore.StaticFiles.StaticFileMiddleware[16]
      The WebRootPath was not found: /Users/ditharaavindi/Desktop/year 3 sem 1/CSP/assignment/sprint4-devop &amp; QA/FITON/FITON.Server/wwwroot. Static files may be unavailable.
warn: Microsoft.AspNetCore.StaticFiles.StaticFileMiddleware[16]
      The WebRootPath was not found: /Users/ditharaavindi/Desktop/year 3 sem 1/CSP/assignment/sprint4-devop &amp; QA/FITON/FITON.Server/wwwroot. Static files may be unavailable.
warn: Microsoft.AspNetCore.StaticFiles.StaticFileMiddleware[16]
      The WebRootPath was not found: /Users/ditharaavindi/Desktop/year 3 sem 1/CSP/assignment/sprint4-devop &amp; QA/FITON/FITON.Server/wwwroot. Static files may be unavailable.
warn: Microsoft.AspNetCore.StaticFiles.StaticFileMiddleware[16]
      The WebRootPath was not found: /Users/ditharaavindi/Desktop/year 3 sem 1/CSP/assignment/sprint4-devop &amp; QA/FITON/FITON.Server/wwwroot. Static files may be unavailable.
warn: Microsoft.AspNetCore.StaticFiles.StaticFileMiddleware[16]
      The WebRootPath was not found: /Users/ditharaavindi/Desktop/year 3 sem 1/CSP/assignment/sprint4-devop &amp; QA/FITON/FITON.Server/wwwroot. Static files may be unavailable.
warn: Microsoft.AspNetCore.StaticFiles.StaticFileMiddleware[16]
      The WebRootPath was not found: /Users/ditharaavindi/Desktop/year 3 sem 1/CSP/assignment/sprint4-devop &amp; QA/FITON/FITON.Server/wwwroot. Static files may be unavailable.
warn: Microsoft.AspNetCore.StaticFiles.StaticFileMiddleware[16]
      The WebRootPath was not found: /Users/ditharaavindi/Desktop/year 3 sem 1/CSP/assignment/sprint4-devop &amp; QA/FITON/FITON.Server/wwwroot. Static files may be unavailable.
warn: Microsoft.AspNetCore.StaticFiles.StaticFileMiddleware[16]
      The WebRootPath was not found: /Users/ditharaavindi/Desktop/year 3 sem 1/CSP/assignment/sprint4-devop &amp; QA/FITON/FITON.Server/wwwroot. Static files may be unavailable.
warn: Microsoft.AspNetCore.StaticFiles.StaticFileMiddleware[16]
      The WebRootPath was not found: /Users/ditharaavindi/Desktop/year 3 sem 1/CSP/assignment/sprint4-devop &amp; QA/FITON/FITON.Server/wwwroot. Static files may be unavailable.
warn: Microsoft.AspNetCore.StaticFiles.StaticFileMiddleware[16]
      The WebRootPath was not found: /Users/ditharaavindi/Desktop/year 3 sem 1/CSP/assignment/sprint4-devop &amp; QA/FITON/FITON.Server/wwwroot. Static files may be unavailable.
warn: Microsoft.EntityFrameworkCore.Model.Validation[10625]
      The foreign key property 'Avatar.UserId1' was created in shadow state because a conflicting property with the simple name 'UserId' exists in the entity type, but is either not mapped, is already used for another relationship, or is incompatible with the associated primary key type. See https://aka.ms/efcore-relationships for information on mapping relationships in EF Core.
Login attempt for email: test@example.com
Login attempt for email: test@example.com
Login attempt for email: test@example.com
info: Microsoft.EntityFrameworkCore.Database.Command[20101]
      Executed DbCommand (77ms) [Parameters=[@__dto_Username_0='?' (Size = 4000), @__dto_Email_1='?' (Size = 4000)], CommandType='Text', CommandTimeout='30']
      SELECT CASE
          WHEN EXISTS (
              SELECT 1
              FROM [Users] AS [u]
              WHERE [u].[Username] = @__dto_Username_0 OR [u].[Email] = @__dto_Email_1) THEN CAST(1 AS bit)
          ELSE CAST(0 AS bit)
      END
Login attempt for email: dash1@example.com
info: Microsoft.EntityFrameworkCore.Database.Command[20101]
      Executed DbCommand (119ms) [Parameters=[@__dto_Email_0='?' (Size = 4000)], CommandType='Text', CommandTimeout='30']
      SELECT TOP(1) [u].[Id], [u].[Email], [u].[IsAdmin], [u].[PasswordHash], [u].[Username]
      FROM [Users] AS [u]
      WHERE [u].[Email] = @__dto_Email_0
info: Microsoft.EntityFrameworkCore.Database.Command[20101]
      Executed DbCommand (70ms) [Parameters=[@__dto_Username_0='?' (Size = 4000), @__dto_Email_1='?' (Size = 4000)], CommandType='Text', CommandTimeout='30']
      SELECT CASE
          WHEN EXISTS (
              SELECT 1
              FROM [Users] AS [u]
              WHERE [u].[Username] = @__dto_Username_0 OR [u].[Email] = @__dto_Email_1) THEN CAST(1 AS bit)
          ELSE CAST(0 AS bit)
      END
Login attempt for email: wardrobe2@example.com
info: Microsoft.EntityFrameworkCore.Database.Command[20101]
      Executed DbCommand (118ms) [Parameters=[@__user_Id_0='?' (DbType = Int32)], CommandType='Text', CommandTimeout='30']
      SELECT [r].[Id], [r].[Expires], [r].[IsRevoked], [r].[Token], [r].[UserId]
      FROM [RefreshTokens] AS [r]
      WHERE [r].[UserId] = @__user_Id_0 AND [r].[Expires] &lt; GETUTCDATE()
info: Microsoft.EntityFrameworkCore.Database.Command[20101]
      Executed DbCommand (49ms) [Parameters=[@__dto_Email_0='?' (Size = 4000)], CommandType='Text', CommandTimeout='30']
      SELECT TOP(1) [u].[Id], [u].[Email], [u].[IsAdmin], [u].[PasswordHash], [u].[Username]
      FROM [Users] AS [u]
      WHERE [u].[Email] = @__dto_Email_0
info: Microsoft.EntityFrameworkCore.Database.Command[20101]
      Executed DbCommand (157ms) [Parameters=[@p0='?' (DbType = DateTime2), @p1='?' (DbType = Boolean), @p2='?' (Size = 450), @p3='?' (DbType = Int32)], CommandType='Text', CommandTimeout='30']
      SET IMPLICIT_TRANSACTIONS OFF;
      SET NOCOUNT ON;
      INSERT INTO [RefreshTokens] ([Expires], [IsRevoked], [Token], [UserId])
      OUTPUT INSERTED.[Id]
      VALUES (@p0, @p1, @p2, @p3);
info: Microsoft.EntityFrameworkCore.Database.Command[20101]
      Executed DbCommand (52ms) [Parameters=[@__user_Id_0='?' (DbType = Int32)], CommandType='Text', CommandTimeout='30']
      SELECT [r].[Id], [r].[Expires], [r].[IsRevoked], [r].[Token], [r].[UserId]
      FROM [RefreshTokens] AS [r]
      WHERE [r].[UserId] = @__user_Id_0 AND [r].[Expires] &lt; GETUTCDATE()
info: Microsoft.EntityFrameworkCore.Database.Command[20101]
      Executed DbCommand (129ms) [Parameters=[@p0='?' (DbType = DateTime2), @p1='?' (DbType = Boolean), @p2='?' (Size = 450), @p3='?' (DbType = Int32)], CommandType='Text', CommandTimeout='30']
      SET IMPLICIT_TRANSACTIONS OFF;
      SET NOCOUNT ON;
      INSERT INTO [RefreshTokens] ([Expires], [IsRevoked], [Token], [UserId])
      OUTPUT INSERTED.[Id]
      VALUES (@p0, @p1, @p2, @p3);
info: Microsoft.EntityFrameworkCore.Database.Command[20101]
      Executed DbCommand (97ms) [Parameters=[@__dto_Username_0='?' (Size = 4000), @__dto_Email_1='?' (Size = 4000)], CommandType='Text', CommandTimeout='30']
      SELECT CASE
          WHEN EXISTS (
              SELECT 1
              FROM [Users] AS [u]
              WHERE [u].[Username] = @__dto_Username_0 OR [u].[Email] = @__dto_Email_1) THEN CAST(1 AS bit)
          ELSE CAST(0 AS bit)
      END
info: Microsoft.EntityFrameworkCore.Database.Command[20101]
      Executed DbCommand (97ms) [Parameters=[@__dto_Username_0='?' (Size = 4000), @__dto_Email_1='?' (Size = 4000)], CommandType='Text', CommandTimeout='30']
      SELECT CASE
          WHEN EXISTS (
              SELECT 1
              FROM [Users] AS [u]
              WHERE [u].[Username] = @__dto_Username_0 OR [u].[Email] = @__dto_Email_1) THEN CAST(1 AS bit)
          ELSE CAST(0 AS bit)
      END
Login attempt for email: clothes1@example.com
info: Microsoft.EntityFrameworkCore.Database.Command[20101]
      Executed DbCommand (49ms) [Parameters=[@__dto_Email_0='?' (Size = 4000)], CommandType='Text', CommandTimeout='30']
      SELECT TOP(1) [u].[Id], [u].[Email], [u].[IsAdmin], [u].[PasswordHash], [u].[Username]
      FROM [Users] AS [u]
      WHERE [u].[Email] = @__dto_Email_0
info: Microsoft.EntityFrameworkCore.Database.Command[20101]
      Executed DbCommand (43ms) [Parameters=[@__dto_Username_0='?' (Size = 4000), @__dto_Email_1='?' (Size = 4000)], CommandType='Text', CommandTimeout='30']
      SELECT CASE
          WHEN EXISTS (
              SELECT 1
              FROM [Users] AS [u]
              WHERE [u].[Username] = @__dto_Username_0 OR [u].[Email] = @__dto_Email_1) THEN CAST(1 AS bit)
          ELSE CAST(0 AS bit)
      END
Login attempt for email: wardrobe1@example.com
info: Microsoft.EntityFrameworkCore.Database.Command[20101]
      Executed DbCommand (41ms) [Parameters=[@__dto_Email_0='?' (Size = 4000)], CommandType='Text', CommandTimeout='30']
      SELECT TOP(1) [u].[Id], [u].[Email], [u].[IsAdmin], [u].[PasswordHash], [u].[Username]
      FROM [Users] AS [u]
      WHERE [u].[Email] = @__dto_Email_0
info: Microsoft.EntityFrameworkCore.Database.Command[20101]
      Executed DbCommand (62ms) [Parameters=[@p0='?' (Size = 4000), @p1='?' (DbType = Boolean), @p2='?' (Size = 4000), @p3='?' (Size = 4000)], CommandType='Text', CommandTimeout='30']
      SET IMPLICIT_TRANSACTIONS OFF;
      SET NOCOUNT ON;
      INSERT INTO [Users] ([Email], [IsAdmin], [PasswordHash], [Username])
      OUTPUT INSERTED.[Id]
      VALUES (@p0, @p1, @p2, @p3);
info: Microsoft.EntityFrameworkCore.Database.Command[20101]
      Executed DbCommand (104ms) [Parameters=[@__dto_Username_0='?' (Size = 4000), @__dto_Email_1='?' (Size = 4000)], CommandType='Text', CommandTimeout='30']
      SELECT CASE
          WHEN EXISTS (
              SELECT 1
              FROM [Users] AS [u]
              WHERE [u].[Username] = @__dto_Username_0 OR [u].[Email] = @__dto_Email_1) THEN CAST(1 AS bit)
          ELSE CAST(0 AS bit)
      END
info: Microsoft.EntityFrameworkCore.Database.Command[20101]
      Executed DbCommand (117ms) [Parameters=[@__user_Id_0='?' (DbType = Int32)], CommandType='Text', CommandTimeout='30']
      SELECT [r].[Id], [r].[Expires], [r].[IsRevoked], [r].[Token], [r].[UserId]
      FROM [RefreshTokens] AS [r]
      WHERE [r].[UserId] = @__user_Id_0 AND [r].[Expires] &lt; GETUTCDATE()
Login attempt for email: fail@example.com
info: Microsoft.EntityFrameworkCore.Database.Command[20101]
      Executed DbCommand (102ms) [Parameters=[@__user_Id_0='?' (DbType = Int32)], CommandType='Text', CommandTimeout='30']
      SELECT [r].[Id], [r].[Expires], [r].[IsRevoked], [r].[Token], [r].[UserId]
      FROM [RefreshTokens] AS [r]
      WHERE [r].[UserId] = @__user_Id_0 AND [r].[Expires] &lt; GETUTCDATE()
info: Microsoft.EntityFrameworkCore.Database.Command[20101]
      Executed DbCommand (46ms) [Parameters=[@__dto_Username_0='?' (Size = 4000), @__dto_Email_1='?' (Size = 4000)], CommandType='Text', CommandTimeout='30']
      SELECT CASE
          WHEN EXISTS (
              SELECT 1
              FROM [Users] AS [u]
              WHERE [u].[Username] = @__dto_Username_0 OR [u].[Email] = @__dto_Email_1) THEN CAST(1 AS bit)
          ELSE CAST(0 AS bit)
      END
info: Microsoft.EntityFrameworkCore.Database.Command[20101]
      Executed DbCommand (50ms) [Parameters=[@p0='?' (DbType = DateTime2), @p1='?' (DbType = Boolean), @p2='?' (Size = 450), @p3='?' (DbType = Int32)], CommandType='Text', CommandTimeout='30']
      SET IMPLICIT_TRANSACTIONS OFF;
      SET NOCOUNT ON;
      INSERT INTO [RefreshTokens] ([Expires], [IsRevoked], [Token], [UserId])
      OUTPUT INSERTED.[Id]
      VALUES (@p0, @p1, @p2, @p3);
Login attempt for email: measure1@example.com
info: Microsoft.EntityFrameworkCore.Database.Command[20101]
      Executed DbCommand (55ms) [Parameters=[@__dto_Email_0='?' (Size = 4000)], CommandType='Text', CommandTimeout='30']
      SELECT TOP(1) [u].[Id], [u].[Email], [u].[IsAdmin], [u].[PasswordHash], [u].[Username]
      FROM [Users] AS [u]
      WHERE [u].[Email] = @__dto_Email_0
info: Microsoft.EntityFrameworkCore.Database.Command[20101]
      Executed DbCommand (56ms) [Parameters=[@p0='?' (DbType = DateTime2), @p1='?' (DbType = Boolean), @p2='?' (Size = 450), @p3='?' (DbType = Int32)], CommandType='Text', CommandTimeout='30']
      SET IMPLICIT_TRANSACTIONS OFF;
      SET NOCOUNT ON;
      INSERT INTO [RefreshTokens] ([Expires], [IsRevoked], [Token], [UserId])
      OUTPUT INSERTED.[Id]
      VALUES (@p0, @p1, @p2, @p3);
info: Microsoft.EntityFrameworkCore.Database.Command[20101]
      Executed DbCommand (113ms) [Parameters=[@__userId_0='?' (DbType = Int32)], CommandType='Text', CommandTimeout='30']
      SELECT [o].[Id], [o].[Name], [o].[Description], [o].[Category], [o].[Brand], [o].[Size], [o].[Color], [o].[Type], [o].[Image], [o].[CreatedAt], [o].[UpdatedAt]
      FROM [Outfits] AS [o]
      WHERE [o].[UserId] = @__userId_0
      ORDER BY [o].[CreatedAt] DESC
info: Microsoft.EntityFrameworkCore.Database.Command[20101]
      Executed DbCommand (132ms) [Parameters=[@__dto_Email_0='?' (Size = 4000)], CommandType='Text', CommandTimeout='30']
      SELECT TOP(1) [u].[Id], [u].[Email], [u].[IsAdmin], [u].[PasswordHash], [u].[Username]
      FROM [Users] AS [u]
      WHERE [u].[Email] = @__dto_Email_0
info: Microsoft.EntityFrameworkCore.Database.Command[20101]
      Executed DbCommand (101ms) [Parameters=[@__userId_0='?' (DbType = Int32)], CommandType='Text', CommandTimeout='30']
      SELECT [w].[Id], [w].[Accessories], [w].[BottomClothesId], [w].[CreatedAt], [w].[Description], [w].[FullOutfitClothesId], [w].[Name], [w].[Occasion], [w].[Season], [w].[TopClothesId], [w].[UpdatedAt], [w].[UserId]
      FROM [Wardrobes] AS [w]
      WHERE [w].[UserId] = @__userId_0
      ORDER BY [w].[UpdatedAt] DESC
info: Microsoft.EntityFrameworkCore.Database.Command[20101]
      Executed DbCommand (113ms) [Parameters=[@__dto_Username_0='?' (Size = 4000), @__dto_Email_1='?' (Size = 4000)], CommandType='Text', CommandTimeout='30']
      SELECT CASE
          WHEN EXISTS (
              SELECT 1
              FROM [Users] AS [u]
              WHERE [u].[Username] = @__dto_Username_0 OR [u].[Email] = @__dto_Email_1) THEN CAST(1 AS bit)
          ELSE CAST(0 AS bit)
      END
Login attempt for email: clothes3@example.com
info: Microsoft.EntityFrameworkCore.Database.Command[20101]
      Executed DbCommand (119ms) [Parameters=[@__dto_Email_0='?' (Size = 4000)], CommandType='Text', CommandTimeout='30']
      SELECT TOP(1) [u].[Id], [u].[Email], [u].[IsAdmin], [u].[PasswordHash], [u].[Username]
      FROM [Users] AS [u]
      WHERE [u].[Email] = @__dto_Email_0
info: Microsoft.EntityFrameworkCore.Database.Command[20101]
      Executed DbCommand (98ms) [Parameters=[@__dto_Username_0='?' (Size = 4000), @__dto_Email_1='?' (Size = 4000)], CommandType='Text', CommandTimeout='30']
      SELECT CASE
          WHEN EXISTS (
              SELECT 1
              FROM [Users] AS [u]
              WHERE [u].[Username] = @__dto_Username_0 OR [u].[Email] = @__dto_Email_1) THEN CAST(1 AS bit)
          ELSE CAST(0 AS bit)
      END
info: Microsoft.EntityFrameworkCore.Database.Command[20101]
      Executed DbCommand (98ms) [Parameters=[@__userId_0='?' (DbType = Int32)], CommandType='Text', CommandTimeout='30']
      SELECT TOP(1) [u].[Id], [u].[Email], [u].[IsAdmin], [u].[PasswordHash], [u].[Username], [m].[Id], [m].[Chest], [m].[Description], [m].[Height], [m].[Hips], [m].[Inseam], [m].[NeckCircumference], [m].[Shoulders], [m].[SkinColor], [m].[SleeveLength], [m].[Thigh], [m].[UserId], [m].[Waist], [m].[Weight]
      FROM [Users] AS [u]
      LEFT JOIN [Measurements] AS [m] ON [u].[Id] = [m].[UserId]
      WHERE [u].[Id] = @__userId_0
info: Microsoft.EntityFrameworkCore.Database.Command[20101]
      Executed DbCommand (95ms) [Parameters=[@__user_Id_0='?' (DbType = Int32)], CommandType='Text', CommandTimeout='30']
      SELECT [r].[Id], [r].[Expires], [r].[IsRevoked], [r].[Token], [r].[UserId]
      FROM [RefreshTokens] AS [r]
      WHERE [r].[UserId] = @__user_Id_0 AND [r].[Expires] &lt; GETUTCDATE()
Login attempt for email: loginuser@example.com
info: Microsoft.EntityFrameworkCore.Database.Command[20101]
      Executed DbCommand (49ms) [Parameters=[@p0='?' (DbType = DateTime2), @p1='?' (DbType = Boolean), @p2='?' (Size = 450), @p3='?' (DbType = Int32)], CommandType='Text', CommandTimeout='30']
      SET IMPLICIT_TRANSACTIONS OFF;
      SET NOCOUNT ON;
      INSERT INTO [RefreshTokens] ([Expires], [IsRevoked], [Token], [UserId])
      OUTPUT INSERTED.[Id]
      VALUES (@p0, @p1, @p2, @p3);
info: Microsoft.EntityFrameworkCore.Database.Command[20101]
      Executed DbCommand (54ms) [Parameters=[@__dto_Email_0='?' (Size = 4000)], CommandType='Text', CommandTimeout='30']
      SELECT TOP(1) [u].[Id], [u].[Email], [u].[IsAdmin], [u].[PasswordHash], [u].[Username]
      FROM [Users] AS [u]
      WHERE [u].[Email] = @__dto_Email_0
Received DTO: {"Height":"180","Weight":"75","Chest":null,"Waist":"32","Hips":null,"Shoulders":null,"NeckCircumference":null,"SleeveLength":null,"Inseam":null,"Thigh":null,"SkinColor":null,"Description":null}
info: Microsoft.EntityFrameworkCore.Database.Command[20101]
      Executed DbCommand (79ms) [Parameters=[@__userId_0='?' (DbType = Int32)], CommandType='Text', CommandTimeout='30']
      SELECT TOP(1) [m].[Id], [m].[Chest], [m].[Description], [m].[Height], [m].[Hips], [m].[Inseam], [m].[NeckCircumference], [m].[Shoulders], [m].[SkinColor], [m].[SleeveLength], [m].[Thigh], [m].[UserId], [m].[Waist], [m].[Weight]
      FROM [Measurements] AS [m]
      WHERE [m].[UserId] = @__userId_0
info: Microsoft.EntityFrameworkCore.Database.Command[20101]
      Executed DbCommand (57ms) [Parameters=[@__user_Id_0='?' (DbType = Int32)], CommandType='Text', CommandTimeout='30']
      SELECT [r].[Id], [r].[Expires], [r].[IsRevoked], [r].[Token], [r].[UserId]
      FROM [RefreshTokens] AS [r]
      WHERE [r].[UserId] = @__user_Id_0 AND [r].[Expires] &lt; GETUTCDATE()
info: Microsoft.EntityFrameworkCore.Database.Command[20101]
      Executed DbCommand (59ms) [Parameters=[@p13='?' (DbType = Int32), @p0='?' (Size = 4000), @p1='?' (Size = 4000), @p2='?' (Size = 4000), @p3='?' (Size = 4000), @p4='?' (Size = 4000), @p5='?' (Size = 4000), @p6='?' (Size = 4000), @p7='?' (Size = 4000), @p8='?' (Size = 4000), @p9='?' (Size = 4000), @p10='?' (DbType = Int32), @p11='?' (Size = 4000), @p12='?' (Size = 4000)], CommandType='Text', CommandTimeout='30']
      SET IMPLICIT_TRANSACTIONS OFF;
      SET NOCOUNT ON;
      UPDATE [Measurements] SET [Chest] = @p0, [Description] = @p1, [Height] = @p2, [Hips] = @p3, [Inseam] = @p4, [NeckCircumference] = @p5, [Shoulders] = @p6, [SkinColor] = @p7, [SleeveLength] = @p8, [Thigh] = @p9, [UserId] = @p10, [Waist] = @p11, [Weight] = @p12
      OUTPUT 1
      WHERE [Id] = @p13;
info: Microsoft.EntityFrameworkCore.Database.Command[20101]
      Executed DbCommand (136ms) [Parameters=[@p0='?' (DbType = DateTime2), @p1='?' (DbType = Boolean), @p2='?' (Size = 450), @p3='?' (DbType = Int32)], CommandType='Text', CommandTimeout='30']
      SET IMPLICIT_TRANSACTIONS OFF;
      SET NOCOUNT ON;
      INSERT INTO [RefreshTokens] ([Expires], [IsRevoked], [Token], [UserId])
      OUTPUT INSERTED.[Id]
      VALUES (@p0, @p1, @p2, @p3);
info: Microsoft.EntityFrameworkCore.Database.Command[20101]
      Executed DbCommand (129ms) [Parameters=[@__dto_Username_0='?' (Size = 4000), @__dto_Email_1='?' (Size = 4000)], CommandType='Text', CommandTimeout='30']
      SELECT CASE
          WHEN EXISTS (
              SELECT 1
              FROM [Users] AS [u]
              WHERE [u].[Username] = @__dto_Username_0 OR [u].[Email] = @__dto_Email_1) THEN CAST(1 AS bit)
          ELSE CAST(0 AS bit)
      END
info: Microsoft.EntityFrameworkCore.Database.Command[20101]
      Executed DbCommand (132ms) [Parameters=[@__user_Id_0='?' (DbType = Int32)], CommandType='Text', CommandTimeout='30']
      SELECT [r].[Id], [r].[Expires], [r].[IsRevoked], [r].[Token], [r].[UserId]
      FROM [RefreshTokens] AS [r]
      WHERE [r].[UserId] = @__user_Id_0 AND [r].[Expires] &lt; GETUTCDATE()
Login attempt for email: measure2@example.com
info: Microsoft.EntityFrameworkCore.Database.Command[20101]
      Executed DbCommand (147ms) [Parameters=[@p0='?' (DbType = DateTime2), @p1='?' (DbType = Boolean), @p2='?' (Size = 450), @p3='?' (DbType = Int32)], CommandType='Text', CommandTimeout='30']
      SET IMPLICIT_TRANSACTIONS OFF;
      SET NOCOUNT ON;
      INSERT INTO [RefreshTokens] ([Expires], [IsRevoked], [Token], [UserId])
      OUTPUT INSERTED.[Id]
      VALUES (@p0, @p1, @p2, @p3);
info: Microsoft.EntityFrameworkCore.Database.Command[20101]
      Executed DbCommand (146ms) [Parameters=[@__dto_Email_0='?' (Size = 4000)], CommandType='Text', CommandTimeout='30']
      SELECT TOP(1) [u].[Id], [u].[Email], [u].[IsAdmin], [u].[PasswordHash], [u].[Username]
      FROM [Users] AS [u]
      WHERE [u].[Email] = @__dto_Email_0
info: Microsoft.EntityFrameworkCore.Database.Command[20101]
      Executed DbCommand (128ms) [Parameters=[@__dto_Username_0='?' (Size = 4000), @__dto_Email_1='?' (Size = 4000)], CommandType='Text', CommandTimeout='30']
      SELECT CASE
          WHEN EXISTS (
              SELECT 1
              FROM [Users] AS [u]
              WHERE [u].[Username] = @__dto_Username_0 OR [u].[Email] = @__dto_Email_1) THEN CAST(1 AS bit)
          ELSE CAST(0 AS bit)
      END
Login attempt for email: clothes2@example.com
     Warning:
     The component "Fluent Assertions" is governed by the rules defined in the Xceed License Agreement and
     the Xceed Fluent Assertions Community License. You may use Fluent Assertions free of charge for
     non-commercial use only. An active subscription is required to use Fluent Assertions for commercial use.
     Please contact Xceed Sales mailto:sales@xceed.com to acquire a subscription at a very low cost.
     A paid commercial license supports the development and continued increasing support of
     Fluent Assertions users under both commercial and community licenses. Help us
     keep Fluent Assertions at the forefront of unit testing.
     For more information, visit https://xceed.com/products/unit-testing/fluent-assertions/
info: Microsoft.EntityFrameworkCore.Database.Command[20101]
      Executed DbCommand (50ms) [Parameters=[@__dto_Email_0='?' (Size = 4000)], CommandType='Text', CommandTimeout='30']
      SELECT TOP(1) [u].[Id], [u].[Email], [u].[IsAdmin], [u].[PasswordHash], [u].[Username]
      FROM [Users] AS [u]
      WHERE [u].[Email] = @__dto_Email_0
info: Microsoft.EntityFrameworkCore.Database.Command[20101]
      Executed DbCommand (41ms) [Parameters=[@__dto_Username_0='?' (Size = 4000), @__dto_Email_1='?' (Size = 4000)], CommandType='Text', CommandTimeout='30']
      SELECT CASE
          WHEN EXISTS (
              SELECT 1
              FROM [Users] AS [u]
              WHERE [u].[Username] = @__dto_Username_0 OR [u].[Email] = @__dto_Email_1) THEN CAST(1 AS bit)
          ELSE CAST(0 AS bit)
      END
info: Microsoft.EntityFrameworkCore.Database.Command[20101]
      Executed DbCommand (56ms) [Parameters=[@__dto_Username_0='?' (Size = 4000), @__dto_Email_1='?' (Size = 4000)], CommandType='Text', CommandTimeout='30']
      SELECT CASE
          WHEN EXISTS (
              SELECT 1
              FROM [Users] AS [u]
              WHERE [u].[Username] = @__dto_Username_0 OR [u].[Email] = @__dto_Email_1) THEN CAST(1 AS bit)
          ELSE CAST(0 AS bit)
      END
info: Microsoft.EntityFrameworkCore.Database.Command[20101]
      Executed DbCommand (41ms) [Parameters=[@__user_Id_0='?' (DbType = Int32)], CommandType='Text', CommandTimeout='30']
      SELECT [r].[Id], [r].[Expires], [r].[IsRevoked], [r].[Token], [r].[UserId]
      FROM [RefreshTokens] AS [r]
      WHERE [r].[UserId] = @__user_Id_0 AND [r].[Expires] &lt; GETUTCDATE()
info: Microsoft.EntityFrameworkCore.Database.Command[20101]
      Executed DbCommand (171ms) [Parameters=[@p0='?' (DbType = DateTime2), @p1='?' (DbType = Boolean), @p2='?' (Size = 450), @p3='?' (DbType = Int32)], CommandType='Text', CommandTimeout='30']
      SET IMPLICIT_TRANSACTIONS OFF;
      SET NOCOUNT ON;
      INSERT INTO [RefreshTokens] ([Expires], [IsRevoked], [Token], [UserId])
      OUTPUT INSERTED.[Id]
      VALUES (@p0, @p1, @p2, @p3);
info: Microsoft.EntityFrameworkCore.Database.Command[20101]
      Executed DbCommand (179ms) [Parameters=[@__user_Id_0='?' (DbType = Int32)], CommandType='Text', CommandTimeout='30']
      SELECT [r].[Id], [r].[Expires], [r].[IsRevoked], [r].[Token], [r].[UserId]
      FROM [RefreshTokens] AS [r]
      WHERE [r].[UserId] = @__user_Id_0 AND [r].[Expires] &lt; GETUTCDATE()
Received DTO: {"Height":"-5","Weight":"0","Chest":null,"Waist":"-2","Hips":null,"Shoulders":null,"NeckCircumference":null,"SleeveLength":null,"Inseam":null,"Thigh":null,"SkinColor":null,"Description":null}
info: Microsoft.EntityFrameworkCore.Database.Command[20101]
      Executed DbCommand (52ms) [Parameters=[@p0='?' (DbType = DateTime2), @p1='?' (DbType = Boolean), @p2='?' (Size = 450), @p3='?' (DbType = Int32)], CommandType='Text', CommandTimeout='30']
      SET IMPLICIT_TRANSACTIONS OFF;
      SET NOCOUNT ON;
      INSERT INTO [RefreshTokens] ([Expires], [IsRevoked], [Token], [UserId])
      OUTPUT INSERTED.[Id]
      VALUES (@p0, @p1, @p2, @p3);
info: Microsoft.EntityFrameworkCore.Database.Command[20101]
      Executed DbCommand (53ms) [Parameters=[@__userId_0='?' (DbType = Int32)], CommandType='Text', CommandTimeout='30']
      SELECT TOP(1) [m].[Id], [m].[Chest], [m].[Description], [m].[Height], [m].[Hips], [m].[Inseam], [m].[NeckCircumference], [m].[Shoulders], [m].[SkinColor], [m].[SleeveLength], [m].[Thigh], [m].[UserId], [m].[Waist], [m].[Weight]
      FROM [Measurements] AS [m]
      WHERE [m].[UserId] = @__userId_0
info: Microsoft.EntityFrameworkCore.Database.Command[20101]
      Executed DbCommand (137ms) [Parameters=[@p13='?' (DbType = Int32), @p0='?' (Size = 4000), @p1='?' (Size = 4000), @p2='?' (Size = 4000), @p3='?' (Size = 4000), @p4='?' (Size = 4000), @p5='?' (Size = 4000), @p6='?' (Size = 4000), @p7='?' (Size = 4000), @p8='?' (Size = 4000), @p9='?' (Size = 4000), @p10='?' (DbType = Int32), @p11='?' (Size = 4000), @p12='?' (Size = 4000)], CommandType='Text', CommandTimeout='30']
      SET IMPLICIT_TRANSACTIONS OFF;
      SET NOCOUNT ON;
      UPDATE [Measurements] SET [Chest] = @p0, [Description] = @p1, [Height] = @p2, [Hips] = @p3, [Inseam] = @p4, [NeckCircumference] = @p5, [Shoulders] = @p6, [SkinColor] = @p7, [SleeveLength] = @p8, [Thigh] = @p9, [UserId] = @p10, [Waist] = @p11, [Weight] = @p12
      OUTPUT 1
      WHERE [Id] = @p13;
info: Microsoft.EntityFrameworkCore.Database.Command[20101]
      Executed DbCommand (128ms) [Parameters=[@p0='?' (Size = 50), @p1='?' (Size = 50), @p2='?' (Size = 50), @p3='?' (DbType = DateTime2), @p4='?' (Size = 500), @p5='?' (Size = 4000), @p6='?' (Size = 100), @p7='?' (Size = 20), @p8='?' (Size = 50), @p9='?' (DbType = DateTime2), @p10='?' (DbType = Int32)], CommandType='Text', CommandTimeout='30']
      SET IMPLICIT_TRANSACTIONS OFF;
      SET NOCOUNT ON;
      INSERT INTO [Outfits] ([Brand], [Category], [Color], [CreatedAt], [Description], [Image], [Name], [Size], [Type], [UpdatedAt], [UserId])
      OUTPUT INSERTED.[Id]
      VALUES (@p0, @p1, @p2, @p3, @p4, @p5, @p6, @p7, @p8, @p9, @p10);
[xUnit.net 00:00:10.66]   Finished:    FITON.Tests
</StdOut>
    </Output>
  </ResultSummary>
</TestRun>